#-----------------------------------------------------------
# Vivado v2020.1 (64-bit)
# SW Build 2902540 on Wed May 27 19:54:49 MDT 2020
# IP Build 2902112 on Wed May 27 22:43:36 MDT 2020
# Start of session at: Tue Jan  2 15:32:35 2024
# Process ID: 12232
# Current directory: C:/Users/rinu2/Documents/kichi@git/verilog-learning/prj/transmitter
# Command line: vivado.exe -gui_launcher_event rodinguilauncherevent9732 C:\Users\rinu2\Documents\kichi@git\verilog-learning\prj\transmitter\transmitter.xpr
# Log file: C:/Users/rinu2/Documents/kichi@git/verilog-learning/prj/transmitter/vivado.log
# Journal file: C:/Users/rinu2/Documents/kichi@git/verilog-learning/prj/transmitter\vivado.jou
#-----------------------------------------------------------
start_gui
open_project C:/Users/rinu2/Documents/kichi@git/verilog-learning/prj/transmitter/transmitter.xpr
open_bd_design {C:/Users/rinu2/Documents/kichi@git/verilog-learning/prj/transmitter/transmitter.srcs/sources_1/bd/system/system.bd}
update_compile_order -fileset sources_1
startgroup
create_bd_cell -type ip -vlnv xilinx.com:ip:axis_data_fifo:2.0 axis_data_fifo_0
endgroup
delete_bd_objs [get_bd_cells axis_data_fifo_0]
startgroup
create_bd_cell -type ip -vlnv xilinx.com:ip:axi_fifo_mm_s:4.2 axi_fifo_mm_s_0
endgroup
delete_bd_objs [get_bd_cells axi_fifo_mm_s_0]
startgroup
create_bd_cell -type ip -vlnv xilinx.com:ip:fifo_generator:13.2 fifo_generator_0
endgroup
delete_bd_objs [get_bd_cells fifo_generator_0]
startgroup
create_bd_cell -type ip -vlnv xilinx.com:ip:axi_dma:7.1 axi_dma_0
endgroup
delete_bd_objs [get_bd_cells axi_dma_0]
